The ``100-matrix_mul`` module
======================

Using ``matrix_mul``
-------------------

>>> matrix_mul = __import__('100-matrix_mul').matrix_mul

### Tests Starts Here
>>> matrix_mul([[1, 2], [3, 4]], [[1, 2], [3, 4]])
[[7, 10], [15, 22]]
>>> matrix_mul([[1, 2], [3, 4]], [[1, 2]])
Traceback (most recent call last):
  File "<stdin>", line 1, in <module>
  File "/home/seifeleslam/Documents/alx/py/alx-higher_level_programming/0x07-python-test_driven_development/100-matrix_mul.py", line 29, in matrix_mul
    raise ValueError("m_a and m_b can't be multiplied")
ValueError: m_a and m_b can't be multiplied
>>> matrix_mul([[1, 2], [3, 4]], [])
Traceback (most recent call last):
  File "<stdin>", line 1, in <module>
  File "/home/seifeleslam/Documents/alx/py/alx-higher_level_programming/0x07-python-test_driven_development/100-matrix_mul.py", line 27, in matrix_mul
    check_matrix("m_b", m_b)
  File "/home/seifeleslam/Documents/alx/py/alx-higher_level_programming/0x07-python-test_driven_development/100-matrix_mul.py", line 10, in check_matrix
    raise ValueError("{} can't be empty".format(name))
ValueError: m_b can't be empty
>>> matrix_mul([[]], [])
Traceback (most recent call last):
  File "<stdin>", line 1, in <module>
  File "/home/seifeleslam/Documents/alx/py/alx-higher_level_programming/0x07-python-test_driven_development/100-matrix_mul.py", line 26, in matrix_mul
    check_matrix("m_a", m_a)
  File "/home/seifeleslam/Documents/alx/py/alx-higher_level_programming/0x07-python-test_driven_development/100-matrix_mul.py", line 10, in check_matrix
    raise ValueError("{} can't be empty".format(name))
ValueError: m_a can't be empty
>>> matrix_mul([[1,2]], ["sad"])
Traceback (most recent call last):
  File "<stdin>", line 1, in <module>
  File "/home/seifeleslam/Documents/alx/py/alx-higher_level_programming/0x07-python-test_driven_development/100-matrix_mul.py", line 27, in matrix_mul
    check_matrix("m_b", m_b)
  File "/home/seifeleslam/Documents/alx/py/alx-higher_level_programming/0x07-python-test_driven_development/100-matrix_mul.py", line 14, in check_matrix
    raise TypeError("{} must be a list of lists".format(name))
TypeError: m_b must be a list of lists
>>> matrix_mul([[1,2]], [["sad"]])
Traceback (most recent call last):
  File "<stdin>", line 1, in <module>
  File "/home/seifeleslam/Documents/alx/py/alx-higher_level_programming/0x07-python-test_driven_development/100-matrix_mul.py", line 27, in matrix_mul
    check_matrix("m_b", m_b)
  File "/home/seifeleslam/Documents/alx/py/alx-higher_level_programming/0x07-python-test_driven_development/100-matrix_mul.py", line 20, in check_matrix
    raise TypeError(
TypeError: m_b should contain only integers or floats